// Jest Snapshot v1, https://goo.gl/fbAQLP

exports[`HTMLLessonHome should match the snapshot 1`] = `
ShallowWrapper {
  "length": 1,
  Symbol(enzyme.__root__): [Circular],
  Symbol(enzyme.__unrendered__): <HTMLLessonHome />,
  Symbol(enzyme.__renderer__): Object {
    "batchedUpdates": [Function],
    "getNode": [Function],
    "render": [Function],
    "simulateEvent": [Function],
    "unmount": [Function],
  },
  Symbol(enzyme.__node__): Object {
    "instance": null,
    "key": undefined,
    "nodeType": "host",
    "props": Object {
      "children": Array [
        <header
          className="title-container"
>
          <h1
                    className="title"
          >
                    Welcome to HTML!
          </h1>
</header>,
        <div
          className="body-container"
>
          <div
                    className="content"
          >
                    <h1
                              className="overview"
                    >
                              Overview
                    </h1>
                    <p
                              className="text"
                    >
                              HTML elements are the building blocks of HTML pages. With HTML constructs, images and other objects such as interactive forms may be embedded into the rendered page. HTML provides a means to create structured documents by denoting structural semantics for text such as headings, paragraphs, lists, links, quotes and other items. HTML elements are delineated by tags, written using angle brackets. Tags such as
                              <span>
                                        &lt;img /&gt;
                              </span>
                              and
                              <span>
                                        &lt;input /&gt;
                              </span>
                              directly introduce content into the page. Other tags such as
                              <span>
                                        &lt;p&gt;
                              </span>
                              surround and provide information about document text and may include other tags as sub-elements. Browsers do not display the HTML tags, but use them to interpret the content of the page.
                    </p>
                    <h1
                              className="key-features"
                    >
                              Key Features
                    </h1>
                    <li>
                              Elements:
                              <span>
                                        &lt;element&gt;&lt;/element&gt;
                              </span>
                    </li>
                    <li>
                              Tags: 
                              <span>
                                        &lt;tag&gt;
                              </span>
                    </li>
                    <li>
                              Attributes: 
                              <span>
                                        &lt;element style="purple"&gt;
                              </span>
                    </li>
                    <div
                              className="image-container"
                    >
                              <img
                                        alt="HTML Image Anatomy"
                                        className="html-image"
                                        src="anatomy-of-an-html-element.png"
                              />
                    </div>
                    <p>
                              Understanding these three features will allow you to build applications with solid structure and content. Lay the foundations of your website here.
                    </p>
          </div>
          <div
                    className="instructions"
          >
                    <h1
                              className="lessons-games"
                    >
                              Lessons & Games
                    </h1>
                    <p
                              className="text"
                    >
                              To get started, choose one of the lessons below. After you have completed the lesson, play the game to test your knowledge!
                    </p>
                    <div
                              className="material"
                    >
                              <div
                                        className="material-box"
                              >
                                        <h3
                                                  className="material-title"
                                        >
                                                  Lessons
                                        </h3>
                                        <div
                                                  className="lesson-element"
                                        >
                                                  Elements & Tags
                                        </div>
                                        <div
                                                  className="lesson-element"
                                        >
                                                  Using Attributes
                                        </div>
                                        <div
                                                  className="lesson-element"
                                        >
                                                  Advanced HTML Tags
                                        </div>
                              </div>
                              <div
                                        className="games"
                              >
                                        <h3
                                                  className="material-title"
                                        >
                                                  Games
                                        </h3>
                                        <div
                                                  className="lesson-element"
                                        >
                                                  Elements & Tags
                                        </div>
                                        <div
                                                  className="lesson-element"
                                        >
                                                  Using Attributes
                                        </div>
                                        <div
                                                  className="lesson-element"
                                        >
                                                  Advanced HTML Tags
                                        </div>
                              </div>
                    </div>
          </div>
</div>,
      ],
    },
    "ref": null,
    "rendered": Array [
      Object {
        "instance": null,
        "key": undefined,
        "nodeType": "host",
        "props": Object {
          "children": <h1
            className="title"
>
            Welcome to HTML!
</h1>,
          "className": "title-container",
        },
        "ref": null,
        "rendered": Object {
          "instance": null,
          "key": undefined,
          "nodeType": "host",
          "props": Object {
            "children": "Welcome to HTML!",
            "className": "title",
          },
          "ref": null,
          "rendered": "Welcome to HTML!",
          "type": "h1",
        },
        "type": "header",
      },
      Object {
        "instance": null,
        "key": undefined,
        "nodeType": "host",
        "props": Object {
          "children": Array [
            <div
              className="content"
>
              <h1
                            className="overview"
              >
                            Overview
              </h1>
              <p
                            className="text"
              >
                            HTML elements are the building blocks of HTML pages. With HTML constructs, images and other objects such as interactive forms may be embedded into the rendered page. HTML provides a means to create structured documents by denoting structural semantics for text such as headings, paragraphs, lists, links, quotes and other items. HTML elements are delineated by tags, written using angle brackets. Tags such as
                            <span>
                                          &lt;img /&gt;
                            </span>
                            and
                            <span>
                                          &lt;input /&gt;
                            </span>
                            directly introduce content into the page. Other tags such as
                            <span>
                                          &lt;p&gt;
                            </span>
                            surround and provide information about document text and may include other tags as sub-elements. Browsers do not display the HTML tags, but use them to interpret the content of the page.
              </p>
              <h1
                            className="key-features"
              >
                            Key Features
              </h1>
              <li>
                            Elements:
                            <span>
                                          &lt;element&gt;&lt;/element&gt;
                            </span>
              </li>
              <li>
                            Tags: 
                            <span>
                                          &lt;tag&gt;
                            </span>
              </li>
              <li>
                            Attributes: 
                            <span>
                                          &lt;element style="purple"&gt;
                            </span>
              </li>
              <div
                            className="image-container"
              >
                            <img
                                          alt="HTML Image Anatomy"
                                          className="html-image"
                                          src="anatomy-of-an-html-element.png"
                            />
              </div>
              <p>
                            Understanding these three features will allow you to build applications with solid structure and content. Lay the foundations of your website here.
              </p>
</div>,
            <div
              className="instructions"
>
              <h1
                            className="lessons-games"
              >
                            Lessons & Games
              </h1>
              <p
                            className="text"
              >
                            To get started, choose one of the lessons below. After you have completed the lesson, play the game to test your knowledge!
              </p>
              <div
                            className="material"
              >
                            <div
                                          className="material-box"
                            >
                                          <h3
                                                        className="material-title"
                                          >
                                                        Lessons
                                          </h3>
                                          <div
                                                        className="lesson-element"
                                          >
                                                        Elements & Tags
                                          </div>
                                          <div
                                                        className="lesson-element"
                                          >
                                                        Using Attributes
                                          </div>
                                          <div
                                                        className="lesson-element"
                                          >
                                                        Advanced HTML Tags
                                          </div>
                            </div>
                            <div
                                          className="games"
                            >
                                          <h3
                                                        className="material-title"
                                          >
                                                        Games
                                          </h3>
                                          <div
                                                        className="lesson-element"
                                          >
                                                        Elements & Tags
                                          </div>
                                          <div
                                                        className="lesson-element"
                                          >
                                                        Using Attributes
                                          </div>
                                          <div
                                                        className="lesson-element"
                                          >
                                                        Advanced HTML Tags
                                          </div>
                            </div>
              </div>
</div>,
          ],
          "className": "body-container",
        },
        "ref": null,
        "rendered": Array [
          Object {
            "instance": null,
            "key": undefined,
            "nodeType": "host",
            "props": Object {
              "children": Array [
                <h1
                  className="overview"
>
                  Overview
</h1>,
                <p
                  className="text"
>
                  HTML elements are the building blocks of HTML pages. With HTML constructs, images and other objects such as interactive forms may be embedded into the rendered page. HTML provides a means to create structured documents by denoting structural semantics for text such as headings, paragraphs, lists, links, quotes and other items. HTML elements are delineated by tags, written using angle brackets. Tags such as
                  <span>
                                    &lt;img /&gt;
                  </span>
                  and
                  <span>
                                    &lt;input /&gt;
                  </span>
                  directly introduce content into the page. Other tags such as
                  <span>
                                    &lt;p&gt;
                  </span>
                  surround and provide information about document text and may include other tags as sub-elements. Browsers do not display the HTML tags, but use them to interpret the content of the page.
</p>,
                <h1
                  className="key-features"
>
                  Key Features
</h1>,
                <li>
                  Elements:
                  <span>
                                    &lt;element&gt;&lt;/element&gt;
                  </span>
</li>,
                <li>
                  Tags: 
                  <span>
                                    &lt;tag&gt;
                  </span>
</li>,
                <li>
                  Attributes: 
                  <span>
                                    &lt;element style="purple"&gt;
                  </span>
</li>,
                <div
                  className="image-container"
>
                  <img
                                    alt="HTML Image Anatomy"
                                    className="html-image"
                                    src="anatomy-of-an-html-element.png"
                  />
</div>,
                <p>
                  Understanding these three features will allow you to build applications with solid structure and content. Lay the foundations of your website here.
</p>,
              ],
              "className": "content",
            },
            "ref": null,
            "rendered": Array [
              Object {
                "instance": null,
                "key": undefined,
                "nodeType": "host",
                "props": Object {
                  "children": "Overview",
                  "className": "overview",
                },
                "ref": null,
                "rendered": "Overview",
                "type": "h1",
              },
              Object {
                "instance": null,
                "key": undefined,
                "nodeType": "host",
                "props": Object {
                  "children": Array [
                    "HTML elements are the building blocks of HTML pages. With HTML constructs, images and other objects such as interactive forms may be embedded into the rendered page. HTML provides a means to create structured documents by denoting structural semantics for text such as headings, paragraphs, lists, links, quotes and other items. HTML elements are delineated by tags, written using angle brackets. Tags such as",
                    <span>
                      &lt;img /&gt;
</span>,
                    "and",
                    <span>
                      &lt;input /&gt;
</span>,
                    "directly introduce content into the page. Other tags such as",
                    <span>
                      &lt;p&gt;
</span>,
                    "surround and provide information about document text and may include other tags as sub-elements. Browsers do not display the HTML tags, but use them to interpret the content of the page.",
                  ],
                  "className": "text",
                },
                "ref": null,
                "rendered": Array [
                  "HTML elements are the building blocks of HTML pages. With HTML constructs, images and other objects such as interactive forms may be embedded into the rendered page. HTML provides a means to create structured documents by denoting structural semantics for text such as headings, paragraphs, lists, links, quotes and other items. HTML elements are delineated by tags, written using angle brackets. Tags such as",
                  Object {
                    "instance": null,
                    "key": undefined,
                    "nodeType": "host",
                    "props": Object {
                      "children": "<img />",
                    },
                    "ref": null,
                    "rendered": "<img />",
                    "type": "span",
                  },
                  "and",
                  Object {
                    "instance": null,
                    "key": undefined,
                    "nodeType": "host",
                    "props": Object {
                      "children": "<input />",
                    },
                    "ref": null,
                    "rendered": "<input />",
                    "type": "span",
                  },
                  "directly introduce content into the page. Other tags such as",
                  Object {
                    "instance": null,
                    "key": undefined,
                    "nodeType": "host",
                    "props": Object {
                      "children": "<p>",
                    },
                    "ref": null,
                    "rendered": "<p>",
                    "type": "span",
                  },
                  "surround and provide information about document text and may include other tags as sub-elements. Browsers do not display the HTML tags, but use them to interpret the content of the page.",
                ],
                "type": "p",
              },
              Object {
                "instance": null,
                "key": undefined,
                "nodeType": "host",
                "props": Object {
                  "children": "Key Features",
                  "className": "key-features",
                },
                "ref": null,
                "rendered": "Key Features",
                "type": "h1",
              },
              Object {
                "instance": null,
                "key": undefined,
                "nodeType": "host",
                "props": Object {
                  "children": Array [
                    "Elements:",
                    <span>
                      &lt;element&gt;&lt;/element&gt;
</span>,
                  ],
                },
                "ref": null,
                "rendered": Array [
                  "Elements:",
                  Object {
                    "instance": null,
                    "key": undefined,
                    "nodeType": "host",
                    "props": Object {
                      "children": "<element></element>",
                    },
                    "ref": null,
                    "rendered": "<element></element>",
                    "type": "span",
                  },
                ],
                "type": "li",
              },
              Object {
                "instance": null,
                "key": undefined,
                "nodeType": "host",
                "props": Object {
                  "children": Array [
                    "Tags: ",
                    <span>
                      &lt;tag&gt;
</span>,
                  ],
                },
                "ref": null,
                "rendered": Array [
                  "Tags: ",
                  Object {
                    "instance": null,
                    "key": undefined,
                    "nodeType": "host",
                    "props": Object {
                      "children": "<tag>",
                    },
                    "ref": null,
                    "rendered": "<tag>",
                    "type": "span",
                  },
                ],
                "type": "li",
              },
              Object {
                "instance": null,
                "key": undefined,
                "nodeType": "host",
                "props": Object {
                  "children": Array [
                    "Attributes: ",
                    <span>
                      &lt;element style="purple"&gt;
</span>,
                  ],
                },
                "ref": null,
                "rendered": Array [
                  "Attributes: ",
                  Object {
                    "instance": null,
                    "key": undefined,
                    "nodeType": "host",
                    "props": Object {
                      "children": "<element style=\\"purple\\">",
                    },
                    "ref": null,
                    "rendered": "<element style=\\"purple\\">",
                    "type": "span",
                  },
                ],
                "type": "li",
              },
              Object {
                "instance": null,
                "key": undefined,
                "nodeType": "host",
                "props": Object {
                  "children": <img
                    alt="HTML Image Anatomy"
                    className="html-image"
                    src="anatomy-of-an-html-element.png"
/>,
                  "className": "image-container",
                },
                "ref": null,
                "rendered": Object {
                  "instance": null,
                  "key": undefined,
                  "nodeType": "host",
                  "props": Object {
                    "alt": "HTML Image Anatomy",
                    "className": "html-image",
                    "src": "anatomy-of-an-html-element.png",
                  },
                  "ref": null,
                  "rendered": null,
                  "type": "img",
                },
                "type": "div",
              },
              Object {
                "instance": null,
                "key": undefined,
                "nodeType": "host",
                "props": Object {
                  "children": "Understanding these three features will allow you to build applications with solid structure and content. Lay the foundations of your website here.",
                },
                "ref": null,
                "rendered": "Understanding these three features will allow you to build applications with solid structure and content. Lay the foundations of your website here.",
                "type": "p",
              },
            ],
            "type": "div",
          },
          Object {
            "instance": null,
            "key": undefined,
            "nodeType": "host",
            "props": Object {
              "children": Array [
                <h1
                  className="lessons-games"
>
                  Lessons & Games
</h1>,
                <p
                  className="text"
>
                  To get started, choose one of the lessons below. After you have completed the lesson, play the game to test your knowledge!
</p>,
                <div
                  className="material"
>
                  <div
                                    className="material-box"
                  >
                                    <h3
                                                      className="material-title"
                                    >
                                                      Lessons
                                    </h3>
                                    <div
                                                      className="lesson-element"
                                    >
                                                      Elements & Tags
                                    </div>
                                    <div
                                                      className="lesson-element"
                                    >
                                                      Using Attributes
                                    </div>
                                    <div
                                                      className="lesson-element"
                                    >
                                                      Advanced HTML Tags
                                    </div>
                  </div>
                  <div
                                    className="games"
                  >
                                    <h3
                                                      className="material-title"
                                    >
                                                      Games
                                    </h3>
                                    <div
                                                      className="lesson-element"
                                    >
                                                      Elements & Tags
                                    </div>
                                    <div
                                                      className="lesson-element"
                                    >
                                                      Using Attributes
                                    </div>
                                    <div
                                                      className="lesson-element"
                                    >
                                                      Advanced HTML Tags
                                    </div>
                  </div>
</div>,
              ],
              "className": "instructions",
            },
            "ref": null,
            "rendered": Array [
              Object {
                "instance": null,
                "key": undefined,
                "nodeType": "host",
                "props": Object {
                  "children": "Lessons & Games",
                  "className": "lessons-games",
                },
                "ref": null,
                "rendered": "Lessons & Games",
                "type": "h1",
              },
              Object {
                "instance": null,
                "key": undefined,
                "nodeType": "host",
                "props": Object {
                  "children": "To get started, choose one of the lessons below. After you have completed the lesson, play the game to test your knowledge!",
                  "className": "text",
                },
                "ref": null,
                "rendered": "To get started, choose one of the lessons below. After you have completed the lesson, play the game to test your knowledge!",
                "type": "p",
              },
              Object {
                "instance": null,
                "key": undefined,
                "nodeType": "host",
                "props": Object {
                  "children": Array [
                    <div
                      className="material-box"
>
                      <h3
                                            className="material-title"
                      >
                                            Lessons
                      </h3>
                      <div
                                            className="lesson-element"
                      >
                                            Elements & Tags
                      </div>
                      <div
                                            className="lesson-element"
                      >
                                            Using Attributes
                      </div>
                      <div
                                            className="lesson-element"
                      >
                                            Advanced HTML Tags
                      </div>
</div>,
                    <div
                      className="games"
>
                      <h3
                                            className="material-title"
                      >
                                            Games
                      </h3>
                      <div
                                            className="lesson-element"
                      >
                                            Elements & Tags
                      </div>
                      <div
                                            className="lesson-element"
                      >
                                            Using Attributes
                      </div>
                      <div
                                            className="lesson-element"
                      >
                                            Advanced HTML Tags
                      </div>
</div>,
                  ],
                  "className": "material",
                },
                "ref": null,
                "rendered": Array [
                  Object {
                    "instance": null,
                    "key": undefined,
                    "nodeType": "host",
                    "props": Object {
                      "children": Array [
                        <h3
                          className="material-title"
>
                          Lessons
</h3>,
                        <div
                          className="lesson-element"
>
                          Elements & Tags
</div>,
                        <div
                          className="lesson-element"
>
                          Using Attributes
</div>,
                        <div
                          className="lesson-element"
>
                          Advanced HTML Tags
</div>,
                      ],
                      "className": "material-box",
                    },
                    "ref": null,
                    "rendered": Array [
                      Object {
                        "instance": null,
                        "key": undefined,
                        "nodeType": "host",
                        "props": Object {
                          "children": "Lessons",
                          "className": "material-title",
                        },
                        "ref": null,
                        "rendered": "Lessons",
                        "type": "h3",
                      },
                      Object {
                        "instance": null,
                        "key": undefined,
                        "nodeType": "host",
                        "props": Object {
                          "children": "Elements & Tags",
                          "className": "lesson-element",
                        },
                        "ref": null,
                        "rendered": "Elements & Tags",
                        "type": "div",
                      },
                      Object {
                        "instance": null,
                        "key": undefined,
                        "nodeType": "host",
                        "props": Object {
                          "children": "Using Attributes",
                          "className": "lesson-element",
                        },
                        "ref": null,
                        "rendered": "Using Attributes",
                        "type": "div",
                      },
                      Object {
                        "instance": null,
                        "key": undefined,
                        "nodeType": "host",
                        "props": Object {
                          "children": "Advanced HTML Tags",
                          "className": "lesson-element",
                        },
                        "ref": null,
                        "rendered": "Advanced HTML Tags",
                        "type": "div",
                      },
                    ],
                    "type": "div",
                  },
                  Object {
                    "instance": null,
                    "key": undefined,
                    "nodeType": "host",
                    "props": Object {
                      "children": Array [
                        <h3
                          className="material-title"
>
                          Games
</h3>,
                        <div
                          className="lesson-element"
>
                          Elements & Tags
</div>,
                        <div
                          className="lesson-element"
>
                          Using Attributes
</div>,
                        <div
                          className="lesson-element"
>
                          Advanced HTML Tags
</div>,
                      ],
                      "className": "games",
                    },
                    "ref": null,
                    "rendered": Array [
                      Object {
                        "instance": null,
                        "key": undefined,
                        "nodeType": "host",
                        "props": Object {
                          "children": "Games",
                          "className": "material-title",
                        },
                        "ref": null,
                        "rendered": "Games",
                        "type": "h3",
                      },
                      Object {
                        "instance": null,
                        "key": undefined,
                        "nodeType": "host",
                        "props": Object {
                          "children": "Elements & Tags",
                          "className": "lesson-element",
                        },
                        "ref": null,
                        "rendered": "Elements & Tags",
                        "type": "div",
                      },
                      Object {
                        "instance": null,
                        "key": undefined,
                        "nodeType": "host",
                        "props": Object {
                          "children": "Using Attributes",
                          "className": "lesson-element",
                        },
                        "ref": null,
                        "rendered": "Using Attributes",
                        "type": "div",
                      },
                      Object {
                        "instance": null,
                        "key": undefined,
                        "nodeType": "host",
                        "props": Object {
                          "children": "Advanced HTML Tags",
                          "className": "lesson-element",
                        },
                        "ref": null,
                        "rendered": "Advanced HTML Tags",
                        "type": "div",
                      },
                    ],
                    "type": "div",
                  },
                ],
                "type": "div",
              },
            ],
            "type": "div",
          },
        ],
        "type": "div",
      },
    ],
    "type": "main",
  },
  Symbol(enzyme.__nodes__): Array [
    Object {
      "instance": null,
      "key": undefined,
      "nodeType": "host",
      "props": Object {
        "children": Array [
          <header
            className="title-container"
>
            <h1
                        className="title"
            >
                        Welcome to HTML!
            </h1>
</header>,
          <div
            className="body-container"
>
            <div
                        className="content"
            >
                        <h1
                                    className="overview"
                        >
                                    Overview
                        </h1>
                        <p
                                    className="text"
                        >
                                    HTML elements are the building blocks of HTML pages. With HTML constructs, images and other objects such as interactive forms may be embedded into the rendered page. HTML provides a means to create structured documents by denoting structural semantics for text such as headings, paragraphs, lists, links, quotes and other items. HTML elements are delineated by tags, written using angle brackets. Tags such as
                                    <span>
                                                &lt;img /&gt;
                                    </span>
                                    and
                                    <span>
                                                &lt;input /&gt;
                                    </span>
                                    directly introduce content into the page. Other tags such as
                                    <span>
                                                &lt;p&gt;
                                    </span>
                                    surround and provide information about document text and may include other tags as sub-elements. Browsers do not display the HTML tags, but use them to interpret the content of the page.
                        </p>
                        <h1
                                    className="key-features"
                        >
                                    Key Features
                        </h1>
                        <li>
                                    Elements:
                                    <span>
                                                &lt;element&gt;&lt;/element&gt;
                                    </span>
                        </li>
                        <li>
                                    Tags: 
                                    <span>
                                                &lt;tag&gt;
                                    </span>
                        </li>
                        <li>
                                    Attributes: 
                                    <span>
                                                &lt;element style="purple"&gt;
                                    </span>
                        </li>
                        <div
                                    className="image-container"
                        >
                                    <img
                                                alt="HTML Image Anatomy"
                                                className="html-image"
                                                src="anatomy-of-an-html-element.png"
                                    />
                        </div>
                        <p>
                                    Understanding these three features will allow you to build applications with solid structure and content. Lay the foundations of your website here.
                        </p>
            </div>
            <div
                        className="instructions"
            >
                        <h1
                                    className="lessons-games"
                        >
                                    Lessons & Games
                        </h1>
                        <p
                                    className="text"
                        >
                                    To get started, choose one of the lessons below. After you have completed the lesson, play the game to test your knowledge!
                        </p>
                        <div
                                    className="material"
                        >
                                    <div
                                                className="material-box"
                                    >
                                                <h3
                                                            className="material-title"
                                                >
                                                            Lessons
                                                </h3>
                                                <div
                                                            className="lesson-element"
                                                >
                                                            Elements & Tags
                                                </div>
                                                <div
                                                            className="lesson-element"
                                                >
                                                            Using Attributes
                                                </div>
                                                <div
                                                            className="lesson-element"
                                                >
                                                            Advanced HTML Tags
                                                </div>
                                    </div>
                                    <div
                                                className="games"
                                    >
                                                <h3
                                                            className="material-title"
                                                >
                                                            Games
                                                </h3>
                                                <div
                                                            className="lesson-element"
                                                >
                                                            Elements & Tags
                                                </div>
                                                <div
                                                            className="lesson-element"
                                                >
                                                            Using Attributes
                                                </div>
                                                <div
                                                            className="lesson-element"
                                                >
                                                            Advanced HTML Tags
                                                </div>
                                    </div>
                        </div>
            </div>
</div>,
        ],
      },
      "ref": null,
      "rendered": Array [
        Object {
          "instance": null,
          "key": undefined,
          "nodeType": "host",
          "props": Object {
            "children": <h1
              className="title"
>
              Welcome to HTML!
</h1>,
            "className": "title-container",
          },
          "ref": null,
          "rendered": Object {
            "instance": null,
            "key": undefined,
            "nodeType": "host",
            "props": Object {
              "children": "Welcome to HTML!",
              "className": "title",
            },
            "ref": null,
            "rendered": "Welcome to HTML!",
            "type": "h1",
          },
          "type": "header",
        },
        Object {
          "instance": null,
          "key": undefined,
          "nodeType": "host",
          "props": Object {
            "children": Array [
              <div
                className="content"
>
                <h1
                                className="overview"
                >
                                Overview
                </h1>
                <p
                                className="text"
                >
                                HTML elements are the building blocks of HTML pages. With HTML constructs, images and other objects such as interactive forms may be embedded into the rendered page. HTML provides a means to create structured documents by denoting structural semantics for text such as headings, paragraphs, lists, links, quotes and other items. HTML elements are delineated by tags, written using angle brackets. Tags such as
                                <span>
                                                &lt;img /&gt;
                                </span>
                                and
                                <span>
                                                &lt;input /&gt;
                                </span>
                                directly introduce content into the page. Other tags such as
                                <span>
                                                &lt;p&gt;
                                </span>
                                surround and provide information about document text and may include other tags as sub-elements. Browsers do not display the HTML tags, but use them to interpret the content of the page.
                </p>
                <h1
                                className="key-features"
                >
                                Key Features
                </h1>
                <li>
                                Elements:
                                <span>
                                                &lt;element&gt;&lt;/element&gt;
                                </span>
                </li>
                <li>
                                Tags: 
                                <span>
                                                &lt;tag&gt;
                                </span>
                </li>
                <li>
                                Attributes: 
                                <span>
                                                &lt;element style="purple"&gt;
                                </span>
                </li>
                <div
                                className="image-container"
                >
                                <img
                                                alt="HTML Image Anatomy"
                                                className="html-image"
                                                src="anatomy-of-an-html-element.png"
                                />
                </div>
                <p>
                                Understanding these three features will allow you to build applications with solid structure and content. Lay the foundations of your website here.
                </p>
</div>,
              <div
                className="instructions"
>
                <h1
                                className="lessons-games"
                >
                                Lessons & Games
                </h1>
                <p
                                className="text"
                >
                                To get started, choose one of the lessons below. After you have completed the lesson, play the game to test your knowledge!
                </p>
                <div
                                className="material"
                >
                                <div
                                                className="material-box"
                                >
                                                <h3
                                                                className="material-title"
                                                >
                                                                Lessons
                                                </h3>
                                                <div
                                                                className="lesson-element"
                                                >
                                                                Elements & Tags
                                                </div>
                                                <div
                                                                className="lesson-element"
                                                >
                                                                Using Attributes
                                                </div>
                                                <div
                                                                className="lesson-element"
                                                >
                                                                Advanced HTML Tags
                                                </div>
                                </div>
                                <div
                                                className="games"
                                >
                                                <h3
                                                                className="material-title"
                                                >
                                                                Games
                                                </h3>
                                                <div
                                                                className="lesson-element"
                                                >
                                                                Elements & Tags
                                                </div>
                                                <div
                                                                className="lesson-element"
                                                >
                                                                Using Attributes
                                                </div>
                                                <div
                                                                className="lesson-element"
                                                >
                                                                Advanced HTML Tags
                                                </div>
                                </div>
                </div>
</div>,
            ],
            "className": "body-container",
          },
          "ref": null,
          "rendered": Array [
            Object {
              "instance": null,
              "key": undefined,
              "nodeType": "host",
              "props": Object {
                "children": Array [
                  <h1
                    className="overview"
>
                    Overview
</h1>,
                  <p
                    className="text"
>
                    HTML elements are the building blocks of HTML pages. With HTML constructs, images and other objects such as interactive forms may be embedded into the rendered page. HTML provides a means to create structured documents by denoting structural semantics for text such as headings, paragraphs, lists, links, quotes and other items. HTML elements are delineated by tags, written using angle brackets. Tags such as
                    <span>
                                        &lt;img /&gt;
                    </span>
                    and
                    <span>
                                        &lt;input /&gt;
                    </span>
                    directly introduce content into the page. Other tags such as
                    <span>
                                        &lt;p&gt;
                    </span>
                    surround and provide information about document text and may include other tags as sub-elements. Browsers do not display the HTML tags, but use them to interpret the content of the page.
</p>,
                  <h1
                    className="key-features"
>
                    Key Features
</h1>,
                  <li>
                    Elements:
                    <span>
                                        &lt;element&gt;&lt;/element&gt;
                    </span>
</li>,
                  <li>
                    Tags: 
                    <span>
                                        &lt;tag&gt;
                    </span>
</li>,
                  <li>
                    Attributes: 
                    <span>
                                        &lt;element style="purple"&gt;
                    </span>
</li>,
                  <div
                    className="image-container"
>
                    <img
                                        alt="HTML Image Anatomy"
                                        className="html-image"
                                        src="anatomy-of-an-html-element.png"
                    />
</div>,
                  <p>
                    Understanding these three features will allow you to build applications with solid structure and content. Lay the foundations of your website here.
</p>,
                ],
                "className": "content",
              },
              "ref": null,
              "rendered": Array [
                Object {
                  "instance": null,
                  "key": undefined,
                  "nodeType": "host",
                  "props": Object {
                    "children": "Overview",
                    "className": "overview",
                  },
                  "ref": null,
                  "rendered": "Overview",
                  "type": "h1",
                },
                Object {
                  "instance": null,
                  "key": undefined,
                  "nodeType": "host",
                  "props": Object {
                    "children": Array [
                      "HTML elements are the building blocks of HTML pages. With HTML constructs, images and other objects such as interactive forms may be embedded into the rendered page. HTML provides a means to create structured documents by denoting structural semantics for text such as headings, paragraphs, lists, links, quotes and other items. HTML elements are delineated by tags, written using angle brackets. Tags such as",
                      <span>
                        &lt;img /&gt;
</span>,
                      "and",
                      <span>
                        &lt;input /&gt;
</span>,
                      "directly introduce content into the page. Other tags such as",
                      <span>
                        &lt;p&gt;
</span>,
                      "surround and provide information about document text and may include other tags as sub-elements. Browsers do not display the HTML tags, but use them to interpret the content of the page.",
                    ],
                    "className": "text",
                  },
                  "ref": null,
                  "rendered": Array [
                    "HTML elements are the building blocks of HTML pages. With HTML constructs, images and other objects such as interactive forms may be embedded into the rendered page. HTML provides a means to create structured documents by denoting structural semantics for text such as headings, paragraphs, lists, links, quotes and other items. HTML elements are delineated by tags, written using angle brackets. Tags such as",
                    Object {
                      "instance": null,
                      "key": undefined,
                      "nodeType": "host",
                      "props": Object {
                        "children": "<img />",
                      },
                      "ref": null,
                      "rendered": "<img />",
                      "type": "span",
                    },
                    "and",
                    Object {
                      "instance": null,
                      "key": undefined,
                      "nodeType": "host",
                      "props": Object {
                        "children": "<input />",
                      },
                      "ref": null,
                      "rendered": "<input />",
                      "type": "span",
                    },
                    "directly introduce content into the page. Other tags such as",
                    Object {
                      "instance": null,
                      "key": undefined,
                      "nodeType": "host",
                      "props": Object {
                        "children": "<p>",
                      },
                      "ref": null,
                      "rendered": "<p>",
                      "type": "span",
                    },
                    "surround and provide information about document text and may include other tags as sub-elements. Browsers do not display the HTML tags, but use them to interpret the content of the page.",
                  ],
                  "type": "p",
                },
                Object {
                  "instance": null,
                  "key": undefined,
                  "nodeType": "host",
                  "props": Object {
                    "children": "Key Features",
                    "className": "key-features",
                  },
                  "ref": null,
                  "rendered": "Key Features",
                  "type": "h1",
                },
                Object {
                  "instance": null,
                  "key": undefined,
                  "nodeType": "host",
                  "props": Object {
                    "children": Array [
                      "Elements:",
                      <span>
                        &lt;element&gt;&lt;/element&gt;
</span>,
                    ],
                  },
                  "ref": null,
                  "rendered": Array [
                    "Elements:",
                    Object {
                      "instance": null,
                      "key": undefined,
                      "nodeType": "host",
                      "props": Object {
                        "children": "<element></element>",
                      },
                      "ref": null,
                      "rendered": "<element></element>",
                      "type": "span",
                    },
                  ],
                  "type": "li",
                },
                Object {
                  "instance": null,
                  "key": undefined,
                  "nodeType": "host",
                  "props": Object {
                    "children": Array [
                      "Tags: ",
                      <span>
                        &lt;tag&gt;
</span>,
                    ],
                  },
                  "ref": null,
                  "rendered": Array [
                    "Tags: ",
                    Object {
                      "instance": null,
                      "key": undefined,
                      "nodeType": "host",
                      "props": Object {
                        "children": "<tag>",
                      },
                      "ref": null,
                      "rendered": "<tag>",
                      "type": "span",
                    },
                  ],
                  "type": "li",
                },
                Object {
                  "instance": null,
                  "key": undefined,
                  "nodeType": "host",
                  "props": Object {
                    "children": Array [
                      "Attributes: ",
                      <span>
                        &lt;element style="purple"&gt;
</span>,
                    ],
                  },
                  "ref": null,
                  "rendered": Array [
                    "Attributes: ",
                    Object {
                      "instance": null,
                      "key": undefined,
                      "nodeType": "host",
                      "props": Object {
                        "children": "<element style=\\"purple\\">",
                      },
                      "ref": null,
                      "rendered": "<element style=\\"purple\\">",
                      "type": "span",
                    },
                  ],
                  "type": "li",
                },
                Object {
                  "instance": null,
                  "key": undefined,
                  "nodeType": "host",
                  "props": Object {
                    "children": <img
                      alt="HTML Image Anatomy"
                      className="html-image"
                      src="anatomy-of-an-html-element.png"
/>,
                    "className": "image-container",
                  },
                  "ref": null,
                  "rendered": Object {
                    "instance": null,
                    "key": undefined,
                    "nodeType": "host",
                    "props": Object {
                      "alt": "HTML Image Anatomy",
                      "className": "html-image",
                      "src": "anatomy-of-an-html-element.png",
                    },
                    "ref": null,
                    "rendered": null,
                    "type": "img",
                  },
                  "type": "div",
                },
                Object {
                  "instance": null,
                  "key": undefined,
                  "nodeType": "host",
                  "props": Object {
                    "children": "Understanding these three features will allow you to build applications with solid structure and content. Lay the foundations of your website here.",
                  },
                  "ref": null,
                  "rendered": "Understanding these three features will allow you to build applications with solid structure and content. Lay the foundations of your website here.",
                  "type": "p",
                },
              ],
              "type": "div",
            },
            Object {
              "instance": null,
              "key": undefined,
              "nodeType": "host",
              "props": Object {
                "children": Array [
                  <h1
                    className="lessons-games"
>
                    Lessons & Games
</h1>,
                  <p
                    className="text"
>
                    To get started, choose one of the lessons below. After you have completed the lesson, play the game to test your knowledge!
</p>,
                  <div
                    className="material"
>
                    <div
                                        className="material-box"
                    >
                                        <h3
                                                            className="material-title"
                                        >
                                                            Lessons
                                        </h3>
                                        <div
                                                            className="lesson-element"
                                        >
                                                            Elements & Tags
                                        </div>
                                        <div
                                                            className="lesson-element"
                                        >
                                                            Using Attributes
                                        </div>
                                        <div
                                                            className="lesson-element"
                                        >
                                                            Advanced HTML Tags
                                        </div>
                    </div>
                    <div
                                        className="games"
                    >
                                        <h3
                                                            className="material-title"
                                        >
                                                            Games
                                        </h3>
                                        <div
                                                            className="lesson-element"
                                        >
                                                            Elements & Tags
                                        </div>
                                        <div
                                                            className="lesson-element"
                                        >
                                                            Using Attributes
                                        </div>
                                        <div
                                                            className="lesson-element"
                                        >
                                                            Advanced HTML Tags
                                        </div>
                    </div>
</div>,
                ],
                "className": "instructions",
              },
              "ref": null,
              "rendered": Array [
                Object {
                  "instance": null,
                  "key": undefined,
                  "nodeType": "host",
                  "props": Object {
                    "children": "Lessons & Games",
                    "className": "lessons-games",
                  },
                  "ref": null,
                  "rendered": "Lessons & Games",
                  "type": "h1",
                },
                Object {
                  "instance": null,
                  "key": undefined,
                  "nodeType": "host",
                  "props": Object {
                    "children": "To get started, choose one of the lessons below. After you have completed the lesson, play the game to test your knowledge!",
                    "className": "text",
                  },
                  "ref": null,
                  "rendered": "To get started, choose one of the lessons below. After you have completed the lesson, play the game to test your knowledge!",
                  "type": "p",
                },
                Object {
                  "instance": null,
                  "key": undefined,
                  "nodeType": "host",
                  "props": Object {
                    "children": Array [
                      <div
                        className="material-box"
>
                        <h3
                                                className="material-title"
                        >
                                                Lessons
                        </h3>
                        <div
                                                className="lesson-element"
                        >
                                                Elements & Tags
                        </div>
                        <div
                                                className="lesson-element"
                        >
                                                Using Attributes
                        </div>
                        <div
                                                className="lesson-element"
                        >
                                                Advanced HTML Tags
                        </div>
</div>,
                      <div
                        className="games"
>
                        <h3
                                                className="material-title"
                        >
                                                Games
                        </h3>
                        <div
                                                className="lesson-element"
                        >
                                                Elements & Tags
                        </div>
                        <div
                                                className="lesson-element"
                        >
                                                Using Attributes
                        </div>
                        <div
                                                className="lesson-element"
                        >
                                                Advanced HTML Tags
                        </div>
</div>,
                    ],
                    "className": "material",
                  },
                  "ref": null,
                  "rendered": Array [
                    Object {
                      "instance": null,
                      "key": undefined,
                      "nodeType": "host",
                      "props": Object {
                        "children": Array [
                          <h3
                            className="material-title"
>
                            Lessons
</h3>,
                          <div
                            className="lesson-element"
>
                            Elements & Tags
</div>,
                          <div
                            className="lesson-element"
>
                            Using Attributes
</div>,
                          <div
                            className="lesson-element"
>
                            Advanced HTML Tags
</div>,
                        ],
                        "className": "material-box",
                      },
                      "ref": null,
                      "rendered": Array [
                        Object {
                          "instance": null,
                          "key": undefined,
                          "nodeType": "host",
                          "props": Object {
                            "children": "Lessons",
                            "className": "material-title",
                          },
                          "ref": null,
                          "rendered": "Lessons",
                          "type": "h3",
                        },
                        Object {
                          "instance": null,
                          "key": undefined,
                          "nodeType": "host",
                          "props": Object {
                            "children": "Elements & Tags",
                            "className": "lesson-element",
                          },
                          "ref": null,
                          "rendered": "Elements & Tags",
                          "type": "div",
                        },
                        Object {
                          "instance": null,
                          "key": undefined,
                          "nodeType": "host",
                          "props": Object {
                            "children": "Using Attributes",
                            "className": "lesson-element",
                          },
                          "ref": null,
                          "rendered": "Using Attributes",
                          "type": "div",
                        },
                        Object {
                          "instance": null,
                          "key": undefined,
                          "nodeType": "host",
                          "props": Object {
                            "children": "Advanced HTML Tags",
                            "className": "lesson-element",
                          },
                          "ref": null,
                          "rendered": "Advanced HTML Tags",
                          "type": "div",
                        },
                      ],
                      "type": "div",
                    },
                    Object {
                      "instance": null,
                      "key": undefined,
                      "nodeType": "host",
                      "props": Object {
                        "children": Array [
                          <h3
                            className="material-title"
>
                            Games
</h3>,
                          <div
                            className="lesson-element"
>
                            Elements & Tags
</div>,
                          <div
                            className="lesson-element"
>
                            Using Attributes
</div>,
                          <div
                            className="lesson-element"
>
                            Advanced HTML Tags
</div>,
                        ],
                        "className": "games",
                      },
                      "ref": null,
                      "rendered": Array [
                        Object {
                          "instance": null,
                          "key": undefined,
                          "nodeType": "host",
                          "props": Object {
                            "children": "Games",
                            "className": "material-title",
                          },
                          "ref": null,
                          "rendered": "Games",
                          "type": "h3",
                        },
                        Object {
                          "instance": null,
                          "key": undefined,
                          "nodeType": "host",
                          "props": Object {
                            "children": "Elements & Tags",
                            "className": "lesson-element",
                          },
                          "ref": null,
                          "rendered": "Elements & Tags",
                          "type": "div",
                        },
                        Object {
                          "instance": null,
                          "key": undefined,
                          "nodeType": "host",
                          "props": Object {
                            "children": "Using Attributes",
                            "className": "lesson-element",
                          },
                          "ref": null,
                          "rendered": "Using Attributes",
                          "type": "div",
                        },
                        Object {
                          "instance": null,
                          "key": undefined,
                          "nodeType": "host",
                          "props": Object {
                            "children": "Advanced HTML Tags",
                            "className": "lesson-element",
                          },
                          "ref": null,
                          "rendered": "Advanced HTML Tags",
                          "type": "div",
                        },
                      ],
                      "type": "div",
                    },
                  ],
                  "type": "div",
                },
              ],
              "type": "div",
            },
          ],
          "type": "div",
        },
      ],
      "type": "main",
    },
  ],
  Symbol(enzyme.__options__): Object {
    "adapter": ReactSixteenAdapter {
      "options": Object {
        "enableComponentDidUpdateOnSetState": true,
      },
    },
  },
}
`;
