// Jest Snapshot v1, https://goo.gl/fbAQLP

exports[`CSSLessonHome should match the snapshot 1`] = `
ShallowWrapper {
  "length": 1,
  Symbol(enzyme.__root__): [Circular],
  Symbol(enzyme.__unrendered__): <CSSLessonHome />,
  Symbol(enzyme.__renderer__): Object {
    "batchedUpdates": [Function],
    "getNode": [Function],
    "render": [Function],
    "simulateEvent": [Function],
    "unmount": [Function],
  },
  Symbol(enzyme.__node__): Object {
    "instance": null,
    "key": undefined,
    "nodeType": "host",
    "props": Object {
      "children": Array [
        <header>
          <h1>
                    Welcome to CSS!
          </h1>
</header>,
        <div
          className="basics"
>
          <h1>
                    Before you start, please read this brief overview
          </h1>
          <p>
                    In order for CSS to work with your HTML, we need to use selectors
          </p>
          <p>
                    CSS selectors allow us to "select" an HTML element by its:
          </p>
          <li>
                    Element Type
          </li>
          <li>
                    Class Name
          </li>
          <li>
                    Id
          </li>
          <p>
                    Once selected, we can use CSS to manipulate our selected element, changing it's apperance and position on the page
          </p>
          <p>
                    Here is a sample CSS selector.  Notice its structure and syntax.  This will be important moving forward!
          </p>
          <img
                    alt="CSS Selector Anatomy"
                    src="css-rule.png"
          />
          <p>
                    Now that we know how to properly select elements, let's get started!
          </p>
</div>,
        <div
          className="instructions"
>
          <p>
                    To get started, choose one of the lessons below
          </p>
          <p>
                    After you have completed the lesson, play the game to test your knowledge!
          </p>
</div>,
        <div
          className="lessons"
>
          <div>
                    Lesson 01: FlexBox
          </div>
          <div>
                    Lesson 02: CSS Grid
          </div>
          <div>
                    Lesson 03: Margins
          </div>
          <div>
                    Lesson 04: Fonts
          </div>
</div>,
        <div
          className="games"
>
          <NavLink
                    activeClassName="active"
                    aria-current="page"
                    to="/lessons_css/01"
          >
                    <div>
                              Game 01: FlexBox
                    </div>
          </NavLink>
          <div>
                    Game 02: CSS Grid
          </div>
          <div>
                    Game 03: Margins
          </div>
          <div>
                    Game 04: Fonts
          </div>
</div>,
      ],
    },
    "ref": null,
    "rendered": Array [
      Object {
        "instance": null,
        "key": undefined,
        "nodeType": "host",
        "props": Object {
          "children": <h1>
            Welcome to CSS!
</h1>,
        },
        "ref": null,
        "rendered": Object {
          "instance": null,
          "key": undefined,
          "nodeType": "host",
          "props": Object {
            "children": "Welcome to CSS!",
          },
          "ref": null,
          "rendered": "Welcome to CSS!",
          "type": "h1",
        },
        "type": "header",
      },
      Object {
        "instance": null,
        "key": undefined,
        "nodeType": "host",
        "props": Object {
          "children": Array [
            <h1>
              Before you start, please read this brief overview
</h1>,
            <p>
              In order for CSS to work with your HTML, we need to use selectors
</p>,
            <p>
              CSS selectors allow us to "select" an HTML element by its:
</p>,
            <li>
              Element Type
</li>,
            <li>
              Class Name
</li>,
            <li>
              Id
</li>,
            <p>
              Once selected, we can use CSS to manipulate our selected element, changing it's apperance and position on the page
</p>,
            <p>
              Here is a sample CSS selector.  Notice its structure and syntax.  This will be important moving forward!
</p>,
            <img
              alt="CSS Selector Anatomy"
              src="css-rule.png"
/>,
            <p>
              Now that we know how to properly select elements, let's get started!
</p>,
          ],
          "className": "basics",
        },
        "ref": null,
        "rendered": Array [
          Object {
            "instance": null,
            "key": undefined,
            "nodeType": "host",
            "props": Object {
              "children": "Before you start, please read this brief overview",
            },
            "ref": null,
            "rendered": "Before you start, please read this brief overview",
            "type": "h1",
          },
          Object {
            "instance": null,
            "key": undefined,
            "nodeType": "host",
            "props": Object {
              "children": "In order for CSS to work with your HTML, we need to use selectors",
            },
            "ref": null,
            "rendered": "In order for CSS to work with your HTML, we need to use selectors",
            "type": "p",
          },
          Object {
            "instance": null,
            "key": undefined,
            "nodeType": "host",
            "props": Object {
              "children": "CSS selectors allow us to \\"select\\" an HTML element by its:",
            },
            "ref": null,
            "rendered": "CSS selectors allow us to \\"select\\" an HTML element by its:",
            "type": "p",
          },
          Object {
            "instance": null,
            "key": undefined,
            "nodeType": "host",
            "props": Object {
              "children": "Element Type",
            },
            "ref": null,
            "rendered": "Element Type",
            "type": "li",
          },
          Object {
            "instance": null,
            "key": undefined,
            "nodeType": "host",
            "props": Object {
              "children": "Class Name",
            },
            "ref": null,
            "rendered": "Class Name",
            "type": "li",
          },
          Object {
            "instance": null,
            "key": undefined,
            "nodeType": "host",
            "props": Object {
              "children": "Id",
            },
            "ref": null,
            "rendered": "Id",
            "type": "li",
          },
          Object {
            "instance": null,
            "key": undefined,
            "nodeType": "host",
            "props": Object {
              "children": "Once selected, we can use CSS to manipulate our selected element, changing it's apperance and position on the page",
            },
            "ref": null,
            "rendered": "Once selected, we can use CSS to manipulate our selected element, changing it's apperance and position on the page",
            "type": "p",
          },
          Object {
            "instance": null,
            "key": undefined,
            "nodeType": "host",
            "props": Object {
              "children": "Here is a sample CSS selector.  Notice its structure and syntax.  This will be important moving forward!",
            },
            "ref": null,
            "rendered": "Here is a sample CSS selector.  Notice its structure and syntax.  This will be important moving forward!",
            "type": "p",
          },
          Object {
            "instance": null,
            "key": undefined,
            "nodeType": "host",
            "props": Object {
              "alt": "CSS Selector Anatomy",
              "src": "css-rule.png",
            },
            "ref": null,
            "rendered": null,
            "type": "img",
          },
          Object {
            "instance": null,
            "key": undefined,
            "nodeType": "host",
            "props": Object {
              "children": "Now that we know how to properly select elements, let's get started!",
            },
            "ref": null,
            "rendered": "Now that we know how to properly select elements, let's get started!",
            "type": "p",
          },
        ],
        "type": "div",
      },
      Object {
        "instance": null,
        "key": undefined,
        "nodeType": "host",
        "props": Object {
          "children": Array [
            <p>
              To get started, choose one of the lessons below
</p>,
            <p>
              After you have completed the lesson, play the game to test your knowledge!
</p>,
          ],
          "className": "instructions",
        },
        "ref": null,
        "rendered": Array [
          Object {
            "instance": null,
            "key": undefined,
            "nodeType": "host",
            "props": Object {
              "children": "To get started, choose one of the lessons below",
            },
            "ref": null,
            "rendered": "To get started, choose one of the lessons below",
            "type": "p",
          },
          Object {
            "instance": null,
            "key": undefined,
            "nodeType": "host",
            "props": Object {
              "children": "After you have completed the lesson, play the game to test your knowledge!",
            },
            "ref": null,
            "rendered": "After you have completed the lesson, play the game to test your knowledge!",
            "type": "p",
          },
        ],
        "type": "div",
      },
      Object {
        "instance": null,
        "key": undefined,
        "nodeType": "host",
        "props": Object {
          "children": Array [
            <div>
              Lesson 01: FlexBox
</div>,
            <div>
              Lesson 02: CSS Grid
</div>,
            <div>
              Lesson 03: Margins
</div>,
            <div>
              Lesson 04: Fonts
</div>,
          ],
          "className": "lessons",
        },
        "ref": null,
        "rendered": Array [
          Object {
            "instance": null,
            "key": undefined,
            "nodeType": "host",
            "props": Object {
              "children": "Lesson 01: FlexBox",
            },
            "ref": null,
            "rendered": "Lesson 01: FlexBox",
            "type": "div",
          },
          Object {
            "instance": null,
            "key": undefined,
            "nodeType": "host",
            "props": Object {
              "children": "Lesson 02: CSS Grid",
            },
            "ref": null,
            "rendered": "Lesson 02: CSS Grid",
            "type": "div",
          },
          Object {
            "instance": null,
            "key": undefined,
            "nodeType": "host",
            "props": Object {
              "children": "Lesson 03: Margins",
            },
            "ref": null,
            "rendered": "Lesson 03: Margins",
            "type": "div",
          },
          Object {
            "instance": null,
            "key": undefined,
            "nodeType": "host",
            "props": Object {
              "children": "Lesson 04: Fonts",
            },
            "ref": null,
            "rendered": "Lesson 04: Fonts",
            "type": "div",
          },
        ],
        "type": "div",
      },
      Object {
        "instance": null,
        "key": undefined,
        "nodeType": "host",
        "props": Object {
          "children": Array [
            <NavLink
              activeClassName="active"
              aria-current="page"
              to="/lessons_css/01"
>
              <div>
                            Game 01: FlexBox
              </div>
</NavLink>,
            <div>
              Game 02: CSS Grid
</div>,
            <div>
              Game 03: Margins
</div>,
            <div>
              Game 04: Fonts
</div>,
          ],
          "className": "games",
        },
        "ref": null,
        "rendered": Array [
          Object {
            "instance": null,
            "key": undefined,
            "nodeType": "function",
            "props": Object {
              "activeClassName": "active",
              "aria-current": "page",
              "children": <div>
                Game 01: FlexBox
</div>,
              "to": "/lessons_css/01",
            },
            "ref": null,
            "rendered": Object {
              "instance": null,
              "key": undefined,
              "nodeType": "host",
              "props": Object {
                "children": "Game 01: FlexBox",
              },
              "ref": null,
              "rendered": "Game 01: FlexBox",
              "type": "div",
            },
            "type": [Function],
          },
          Object {
            "instance": null,
            "key": undefined,
            "nodeType": "host",
            "props": Object {
              "children": "Game 02: CSS Grid",
            },
            "ref": null,
            "rendered": "Game 02: CSS Grid",
            "type": "div",
          },
          Object {
            "instance": null,
            "key": undefined,
            "nodeType": "host",
            "props": Object {
              "children": "Game 03: Margins",
            },
            "ref": null,
            "rendered": "Game 03: Margins",
            "type": "div",
          },
          Object {
            "instance": null,
            "key": undefined,
            "nodeType": "host",
            "props": Object {
              "children": "Game 04: Fonts",
            },
            "ref": null,
            "rendered": "Game 04: Fonts",
            "type": "div",
          },
        ],
        "type": "div",
      },
    ],
    "type": "main",
  },
  Symbol(enzyme.__nodes__): Array [
    Object {
      "instance": null,
      "key": undefined,
      "nodeType": "host",
      "props": Object {
        "children": Array [
          <header>
            <h1>
                        Welcome to CSS!
            </h1>
</header>,
          <div
            className="basics"
>
            <h1>
                        Before you start, please read this brief overview
            </h1>
            <p>
                        In order for CSS to work with your HTML, we need to use selectors
            </p>
            <p>
                        CSS selectors allow us to "select" an HTML element by its:
            </p>
            <li>
                        Element Type
            </li>
            <li>
                        Class Name
            </li>
            <li>
                        Id
            </li>
            <p>
                        Once selected, we can use CSS to manipulate our selected element, changing it's apperance and position on the page
            </p>
            <p>
                        Here is a sample CSS selector.  Notice its structure and syntax.  This will be important moving forward!
            </p>
            <img
                        alt="CSS Selector Anatomy"
                        src="css-rule.png"
            />
            <p>
                        Now that we know how to properly select elements, let's get started!
            </p>
</div>,
          <div
            className="instructions"
>
            <p>
                        To get started, choose one of the lessons below
            </p>
            <p>
                        After you have completed the lesson, play the game to test your knowledge!
            </p>
</div>,
          <div
            className="lessons"
>
            <div>
                        Lesson 01: FlexBox
            </div>
            <div>
                        Lesson 02: CSS Grid
            </div>
            <div>
                        Lesson 03: Margins
            </div>
            <div>
                        Lesson 04: Fonts
            </div>
</div>,
          <div
            className="games"
>
            <NavLink
                        activeClassName="active"
                        aria-current="page"
                        to="/lessons_css/01"
            >
                        <div>
                                    Game 01: FlexBox
                        </div>
            </NavLink>
            <div>
                        Game 02: CSS Grid
            </div>
            <div>
                        Game 03: Margins
            </div>
            <div>
                        Game 04: Fonts
            </div>
</div>,
        ],
      },
      "ref": null,
      "rendered": Array [
        Object {
          "instance": null,
          "key": undefined,
          "nodeType": "host",
          "props": Object {
            "children": <h1>
              Welcome to CSS!
</h1>,
          },
          "ref": null,
          "rendered": Object {
            "instance": null,
            "key": undefined,
            "nodeType": "host",
            "props": Object {
              "children": "Welcome to CSS!",
            },
            "ref": null,
            "rendered": "Welcome to CSS!",
            "type": "h1",
          },
          "type": "header",
        },
        Object {
          "instance": null,
          "key": undefined,
          "nodeType": "host",
          "props": Object {
            "children": Array [
              <h1>
                Before you start, please read this brief overview
</h1>,
              <p>
                In order for CSS to work with your HTML, we need to use selectors
</p>,
              <p>
                CSS selectors allow us to "select" an HTML element by its:
</p>,
              <li>
                Element Type
</li>,
              <li>
                Class Name
</li>,
              <li>
                Id
</li>,
              <p>
                Once selected, we can use CSS to manipulate our selected element, changing it's apperance and position on the page
</p>,
              <p>
                Here is a sample CSS selector.  Notice its structure and syntax.  This will be important moving forward!
</p>,
              <img
                alt="CSS Selector Anatomy"
                src="css-rule.png"
/>,
              <p>
                Now that we know how to properly select elements, let's get started!
</p>,
            ],
            "className": "basics",
          },
          "ref": null,
          "rendered": Array [
            Object {
              "instance": null,
              "key": undefined,
              "nodeType": "host",
              "props": Object {
                "children": "Before you start, please read this brief overview",
              },
              "ref": null,
              "rendered": "Before you start, please read this brief overview",
              "type": "h1",
            },
            Object {
              "instance": null,
              "key": undefined,
              "nodeType": "host",
              "props": Object {
                "children": "In order for CSS to work with your HTML, we need to use selectors",
              },
              "ref": null,
              "rendered": "In order for CSS to work with your HTML, we need to use selectors",
              "type": "p",
            },
            Object {
              "instance": null,
              "key": undefined,
              "nodeType": "host",
              "props": Object {
                "children": "CSS selectors allow us to \\"select\\" an HTML element by its:",
              },
              "ref": null,
              "rendered": "CSS selectors allow us to \\"select\\" an HTML element by its:",
              "type": "p",
            },
            Object {
              "instance": null,
              "key": undefined,
              "nodeType": "host",
              "props": Object {
                "children": "Element Type",
              },
              "ref": null,
              "rendered": "Element Type",
              "type": "li",
            },
            Object {
              "instance": null,
              "key": undefined,
              "nodeType": "host",
              "props": Object {
                "children": "Class Name",
              },
              "ref": null,
              "rendered": "Class Name",
              "type": "li",
            },
            Object {
              "instance": null,
              "key": undefined,
              "nodeType": "host",
              "props": Object {
                "children": "Id",
              },
              "ref": null,
              "rendered": "Id",
              "type": "li",
            },
            Object {
              "instance": null,
              "key": undefined,
              "nodeType": "host",
              "props": Object {
                "children": "Once selected, we can use CSS to manipulate our selected element, changing it's apperance and position on the page",
              },
              "ref": null,
              "rendered": "Once selected, we can use CSS to manipulate our selected element, changing it's apperance and position on the page",
              "type": "p",
            },
            Object {
              "instance": null,
              "key": undefined,
              "nodeType": "host",
              "props": Object {
                "children": "Here is a sample CSS selector.  Notice its structure and syntax.  This will be important moving forward!",
              },
              "ref": null,
              "rendered": "Here is a sample CSS selector.  Notice its structure and syntax.  This will be important moving forward!",
              "type": "p",
            },
            Object {
              "instance": null,
              "key": undefined,
              "nodeType": "host",
              "props": Object {
                "alt": "CSS Selector Anatomy",
                "src": "css-rule.png",
              },
              "ref": null,
              "rendered": null,
              "type": "img",
            },
            Object {
              "instance": null,
              "key": undefined,
              "nodeType": "host",
              "props": Object {
                "children": "Now that we know how to properly select elements, let's get started!",
              },
              "ref": null,
              "rendered": "Now that we know how to properly select elements, let's get started!",
              "type": "p",
            },
          ],
          "type": "div",
        },
        Object {
          "instance": null,
          "key": undefined,
          "nodeType": "host",
          "props": Object {
            "children": Array [
              <p>
                To get started, choose one of the lessons below
</p>,
              <p>
                After you have completed the lesson, play the game to test your knowledge!
</p>,
            ],
            "className": "instructions",
          },
          "ref": null,
          "rendered": Array [
            Object {
              "instance": null,
              "key": undefined,
              "nodeType": "host",
              "props": Object {
                "children": "To get started, choose one of the lessons below",
              },
              "ref": null,
              "rendered": "To get started, choose one of the lessons below",
              "type": "p",
            },
            Object {
              "instance": null,
              "key": undefined,
              "nodeType": "host",
              "props": Object {
                "children": "After you have completed the lesson, play the game to test your knowledge!",
              },
              "ref": null,
              "rendered": "After you have completed the lesson, play the game to test your knowledge!",
              "type": "p",
            },
          ],
          "type": "div",
        },
        Object {
          "instance": null,
          "key": undefined,
          "nodeType": "host",
          "props": Object {
            "children": Array [
              <div>
                Lesson 01: FlexBox
</div>,
              <div>
                Lesson 02: CSS Grid
</div>,
              <div>
                Lesson 03: Margins
</div>,
              <div>
                Lesson 04: Fonts
</div>,
            ],
            "className": "lessons",
          },
          "ref": null,
          "rendered": Array [
            Object {
              "instance": null,
              "key": undefined,
              "nodeType": "host",
              "props": Object {
                "children": "Lesson 01: FlexBox",
              },
              "ref": null,
              "rendered": "Lesson 01: FlexBox",
              "type": "div",
            },
            Object {
              "instance": null,
              "key": undefined,
              "nodeType": "host",
              "props": Object {
                "children": "Lesson 02: CSS Grid",
              },
              "ref": null,
              "rendered": "Lesson 02: CSS Grid",
              "type": "div",
            },
            Object {
              "instance": null,
              "key": undefined,
              "nodeType": "host",
              "props": Object {
                "children": "Lesson 03: Margins",
              },
              "ref": null,
              "rendered": "Lesson 03: Margins",
              "type": "div",
            },
            Object {
              "instance": null,
              "key": undefined,
              "nodeType": "host",
              "props": Object {
                "children": "Lesson 04: Fonts",
              },
              "ref": null,
              "rendered": "Lesson 04: Fonts",
              "type": "div",
            },
          ],
          "type": "div",
        },
        Object {
          "instance": null,
          "key": undefined,
          "nodeType": "host",
          "props": Object {
            "children": Array [
              <NavLink
                activeClassName="active"
                aria-current="page"
                to="/lessons_css/01"
>
                <div>
                                Game 01: FlexBox
                </div>
</NavLink>,
              <div>
                Game 02: CSS Grid
</div>,
              <div>
                Game 03: Margins
</div>,
              <div>
                Game 04: Fonts
</div>,
            ],
            "className": "games",
          },
          "ref": null,
          "rendered": Array [
            Object {
              "instance": null,
              "key": undefined,
              "nodeType": "function",
              "props": Object {
                "activeClassName": "active",
                "aria-current": "page",
                "children": <div>
                  Game 01: FlexBox
</div>,
                "to": "/lessons_css/01",
              },
              "ref": null,
              "rendered": Object {
                "instance": null,
                "key": undefined,
                "nodeType": "host",
                "props": Object {
                  "children": "Game 01: FlexBox",
                },
                "ref": null,
                "rendered": "Game 01: FlexBox",
                "type": "div",
              },
              "type": [Function],
            },
            Object {
              "instance": null,
              "key": undefined,
              "nodeType": "host",
              "props": Object {
                "children": "Game 02: CSS Grid",
              },
              "ref": null,
              "rendered": "Game 02: CSS Grid",
              "type": "div",
            },
            Object {
              "instance": null,
              "key": undefined,
              "nodeType": "host",
              "props": Object {
                "children": "Game 03: Margins",
              },
              "ref": null,
              "rendered": "Game 03: Margins",
              "type": "div",
            },
            Object {
              "instance": null,
              "key": undefined,
              "nodeType": "host",
              "props": Object {
                "children": "Game 04: Fonts",
              },
              "ref": null,
              "rendered": "Game 04: Fonts",
              "type": "div",
            },
          ],
          "type": "div",
        },
      ],
      "type": "main",
    },
  ],
  Symbol(enzyme.__options__): Object {
    "adapter": ReactSixteenAdapter {
      "options": Object {
        "enableComponentDidUpdateOnSetState": true,
      },
    },
  },
}
`;
